// Jest Snapshot v1, https://goo.gl/fbAQLP

exports[`Posts It renders multiple posts 1`] = `
<DocumentFragment>
  <div
    class="post-container"
  >
    <h2>
      Testing title 1
    </h2>
    <div
      class="img-wrapper"
    >
      <img
        alt="Testing title 1"
        data-nimg="fill"
        decoding="async"
        loading="lazy"
        sizes="100vw"
        src="/_next/image?url=https%3A%2F%2Fpicsum.photos%2Fid%2F208%2F854%2F480&w=3840&q=75"
        srcset="/_next/image?url=https%3A%2F%2Fpicsum.photos%2Fid%2F208%2F854%2F480&w=640&q=75 640w, /_next/image?url=https%3A%2F%2Fpicsum.photos%2Fid%2F208%2F854%2F480&w=750&q=75 750w, /_next/image?url=https%3A%2F%2Fpicsum.photos%2Fid%2F208%2F854%2F480&w=828&q=75 828w, /_next/image?url=https%3A%2F%2Fpicsum.photos%2Fid%2F208%2F854%2F480&w=1080&q=75 1080w, /_next/image?url=https%3A%2F%2Fpicsum.photos%2Fid%2F208%2F854%2F480&w=1200&q=75 1200w, /_next/image?url=https%3A%2F%2Fpicsum.photos%2Fid%2F208%2F854%2F480&w=1920&q=75 1920w, /_next/image?url=https%3A%2F%2Fpicsum.photos%2Fid%2F208%2F854%2F480&w=2048&q=75 2048w, /_next/image?url=https%3A%2F%2Fpicsum.photos%2Fid%2F208%2F854%2F480&w=3840&q=75 3840w"
        style="position: absolute; height: 100%; width: 100%; left: 0px; top: 0px; right: 0px; bottom: 0px; color: transparent;"
      />
    </div>
    <div>
      Testing content 1
    </div>
  </div>
  <div
    class="post-container"
  >
    <h2>
      Testing title 3
    </h2>
    <div>
      Testing content 3
    </div>
  </div>
</DocumentFragment>
`;
